[backblue.gif]
[fade.gif]
[index.html]
[localhost/abramba/comments/feed/index.html]
[localhost/abramba/wp-content/themes/astra/assets/fonts/astra.woff]
[localhost/abramba/feed/index.html]
[localhost/abramba/wp-includes/js/jquery/jquery4a5f.js]
[localhost/abramba/wp-content/plugins/sticky-menu-or-anything-on-scroll/assets/js/jq-sticky-anything.mine1fc.js]
[localhost/abramba/wp-content/plugins/elementor/assets/lib/font-awesome/js/v4-shims.minab7b.js]
[localhost/abramba/wp-json/index.html]
[localhost/abramba/wp-json/wp/v2/pages/85.json]
[localhost/abramba/xmlrpc0db0.php]
[localhost/abramba/wp-includes/wlwmanifest.xml]
[localhost/abramba/wp-json/oembed/1.0/embedf08e.json]
[localhost/abramba/wp-json/oembed/1.0/embed2b3e]
[localhost/abramba/wp-content/uploads/2020/07/cropped-icon-32x32.png]
[localhost/abramba/wp-content/uploads/2020/07/cropped-icon-192x192.png]
[localhost/abramba/wp-content/uploads/2020/07/cropped-icon-180x180.png]
[localhost/abramba/wp-content/uploads/2020/07/cropped-Final-Abramba-Logo-2-150x51.png]
[localhost/abramba/wp-content/uploads/2020/07/Lamp_01-1-1024x1024.jpg]
[localhost/abramba/wp-content/uploads/2020/07/Solinc-16-1-570x380-1.jpg]
[localhost/abramba/wp-content/uploads/2020/07/white.png]
[localhost/abramba/wp-content/themes/astra/assets/js/minified/style.min21bb.js]
[localhost/abramba/wp-content/plugins/contact-form-7/includes/js/scripts7752.js]
[localhost/abramba/wp-content/plugins/ditty-news-ticker/inc/static/js/jquery.touchSwipe.min2bc7.js]
[localhost/abramba/wp-content/plugins/ditty-news-ticker/inc/static/js/jquery.easing330a.js]
[localhost/abramba/wp-content/plugins/ditty-news-ticker/inc/static/js/imagesloaded.pkgd.mineda1.js]
[localhost/abramba/wp-content/plugins/ditty-news-ticker/inc/static/js/ditty-news-ticker.min3a04.js]
[localhost/abramba/wp-content/plugins/mystickymenu/js/detectmobilebrowserfc3c.js]
[localhost/abramba/wp-content/plugins/mystickymenu/js/mystickymenu.minfc3c.js]
[localhost/abramba/wp-content/plugins/sticky-menu-or-anything-on-scroll/assets/js/stickThise1fc.js]
[localhost/abramba/wp-content/plugins/ht-mega-for-elementor/assets/js/popper.min6dbf.js]
[localhost/abramba/wp-content/plugins/ht-mega-for-elementor/assets/js/htbbootstrap6dbf.js]
[localhost/abramba/wp-content/plugins/ht-mega-for-elementor/assets/js/waypoints6dbf.js]
[localhost/abramba/wp-includes/js/wp-embed.min5156.js]
[localhost/abramba/wp-content/uploads/essential-addons-elementor/cb70d11b8.min3ea0.js]
[localhost/abramba/wp-content/plugins/elementor/assets/js/frontend-modules.min7c53.js]
[localhost/abramba/wp-includes/js/jquery/ui/position.mine899.js]
[localhost/abramba/wp-content/plugins/elementor/assets/lib/dialog/dialog.minae9e.js]
[localhost/abramba/wp-content/plugins/elementor/assets/lib/waypoints/waypoints.min05da.js]
[localhost/abramba/wp-content/plugins/ht-mega-for-elementor/assets/js/swiper.min6dbf.js]
[localhost/abramba/wp-content/plugins/elementor/assets/lib/share-link/share-link.min7c53.js]
[localhost/abramba/wp-content/plugins/elementor/assets/js/frontend.min7c53.js]
[localhost/abramba/wp-includes/js/underscore.min4511.js]
[localhost/abramba/wp-includes/js/wp-util.min5156.js]
[localhost/abramba/wp-content/plugins/wpforms-lite/assets/js/integrations/elementor/frontend.min9494.js]
[localhost/abramba/index.html]
[localhost/abramba/wp-content/plugins/formidable/images/ajax_loader.gif]
[localhost/abramba/wp-content/plugins/formidable/fonts/s11-fpbea6.ttf]
[localhost/abramba/wp-content/plugins/formidable/fonts/s11-fpbea6.woff]
[localhost/abramba/wp-content/plugins/formidable/css/formidableformsdee1.css]
[localhost/abramba/wp-content/themes/astra/assets/css/minified/style.min21bb.css]
[localhost/abramba/wp-content/themes/astra/assets/css/minified/menu-animation.min21bb.css]
[localhost/abramba/wp-includes/css/dist/block-library/style.min5156.css]
[localhost/abramba/wp-content/plugins/contact-form-7/images/ajax-loader.gif]
[localhost/abramba/wp-content/plugins/contact-form-7/includes/css/styles7752.css]
[localhost/abramba/wp-content/themes/astra/assets/css/minified/compatibility/contact-form-7.min21bb.css]
[localhost/abramba/wp-content/plugins/ditty-news-ticker/inc/static/libs/fontastic/fonts/ditty-news-ticker.eot]
[localhost/abramba/wp-content/plugins/ditty-news-ticker/inc/static/libs/fontastic/fonts/ditty-news-tickerd41d.eot]
[localhost/abramba/wp-content/plugins/ditty-news-ticker/inc/static/libs/fontastic/fonts/ditty-news-ticker.woff]
[localhost/abramba/wp-content/plugins/ditty-news-ticker/inc/static/libs/fontastic/fonts/ditty-news-ticker.ttf]
[localhost/abramba/wp-content/plugins/ditty-news-ticker/inc/static/libs/fontastic/styles2bc7.css]
[localhost/abramba/wp-content/plugins/ditty-news-ticker/inc/static/css/style3a04.css]
[localhost/abramba/wp-content/plugins/templately/assets/css/editorcfa9.css]
[localhost/abramba/wp-content/uploads/essential-addons-elementor/cb70d11b8.minc95c.css]
[localhost/abramba/wp-content/plugins/header-footer-elementor/assets/css/header-footer-elementore225.css]
[localhost/abramba/wp-content/plugins/elementor/assets/lib/eicons/fonts/eiconsf884.eot]
[localhost/abramba/wp-content/plugins/elementor/assets/lib/eicons/fonts/eiconsf884.woff2]
[localhost/abramba/wp-content/plugins/elementor/assets/lib/eicons/fonts/eiconsf884.woff]
[localhost/abramba/wp-content/plugins/elementor/assets/lib/eicons/fonts/eiconsf884.ttf]
[localhost/abramba/wp-content/plugins/elementor/assets/lib/eicons/css/elementor-icons.min87e8.css]
[localhost/abramba/wp-content/plugins/elementor/assets/lib/animations/animations.min7c53.css]
[localhost/abramba/wp-content/plugins/elementor/assets/css/frontend.min7c53.css]
[localhost/abramba/wp-content/plugins/elementor/assets/lib/font-awesome/webfonts/fa-brands-400.eot]
[localhost/abramba/wp-content/plugins/elementor/assets/lib/font-awesome/webfonts/fa-brands-400.woff2]
[localhost/abramba/wp-content/plugins/elementor/assets/lib/font-awesome/webfonts/fa-brands-400d41d.eot]
[localhost/abramba/wp-content/plugins/elementor/assets/lib/font-awesome/webfonts/fa-brands-400.woff]
[localhost/abramba/wp-content/plugins/elementor/assets/lib/font-awesome/webfonts/fa-brands-400.ttf]
[localhost/abramba/wp-content/plugins/elementor/assets/lib/font-awesome/webfonts/fa-regular-400.eot]
[localhost/abramba/wp-content/plugins/elementor/assets/lib/font-awesome/webfonts/fa-regular-400d41d.eot]
[localhost/abramba/wp-content/plugins/elementor/assets/lib/font-awesome/webfonts/fa-regular-400.woff2]
[localhost/abramba/wp-content/plugins/elementor/assets/lib/font-awesome/webfonts/fa-regular-400.woff]
[localhost/abramba/wp-content/plugins/elementor/assets/lib/font-awesome/webfonts/fa-regular-400.ttf]
[localhost/abramba/wp-content/plugins/elementor/assets/lib/font-awesome/webfonts/fa-solid-900.eot]
[localhost/abramba/wp-content/plugins/elementor/assets/lib/font-awesome/webfonts/fa-solid-900.woff2]
[localhost/abramba/wp-content/plugins/elementor/assets/lib/font-awesome/webfonts/fa-solid-900.woff]
[localhost/abramba/wp-content/plugins/elementor/assets/lib/font-awesome/webfonts/fa-solid-900d41d.eot]
[localhost/abramba/wp-content/plugins/elementor/assets/lib/font-awesome/webfonts/fa-solid-900.ttf]
[localhost/abramba/wp-content/plugins/elementor/assets/lib/font-awesome/css/all.minab7b.css]
[localhost/abramba/wp-content/plugins/elementor/assets/lib/font-awesome/css/v4-shims.minab7b.css]
[localhost/abramba/wp-content/uploads/elementor/css/globale7fd.css]
[localhost/abramba/wp-content/uploads/elementor/css/post-8590e8.css]
[localhost/abramba/wp-content/plugins/header-footer-elementor/inc/widgets-css/frontende225.css]
[localhost/abramba/wp-content/uploads/elementor/css/post-215e9d9.css]
[localhost/abramba/wp-content/plugins/ht-mega-for-elementor/assets/css/htbbootstrap6dbf.css]
[localhost/abramba/wp-content/plugins/ht-mega-for-elementor/assets/images/pricing/pricing-ribon.png]
[localhost/abramba/wp-content/plugins/ht-mega-for-elementor/assets/css/htmega-widgets6dbf.css]
[localhost/abramba/wp-content/plugins/elementor/assets/lib/font-awesome/fonts/fontawesome-webfont3e6e.eot]
[localhost/abramba/wp-content/plugins/elementor/assets/lib/font-awesome/fonts/fontawesome-webfontd41d.eot]
[localhost/abramba/wp-content/plugins/elementor/assets/lib/font-awesome/fonts/fontawesome-webfont3e6e.woff2]
[localhost/abramba/wp-content/plugins/elementor/assets/lib/font-awesome/fonts/fontawesome-webfont3e6e.woff]
[localhost/abramba/wp-content/plugins/elementor/assets/lib/font-awesome/fonts/fontawesome-webfont3e6e.ttf]
[localhost/abramba/wp-content/plugins/elementor/assets/lib/font-awesome/css/font-awesome.min1849.css]
[localhost/abramba/wp-content/plugins/ht-mega-for-elementor/assets/css/animation6dbf.css]
[localhost/abramba/wp-content/plugins/ht-mega-for-elementor/assets/css/htmega-keyframes6dbf.css]
[localhost/abramba/wp-content/plugins/recent-posts-widget-with-thumbnails/public9704.css]
[localhost/abramba/wp-content/plugins/elementor/assets/lib/font-awesome/css/fontawesome.minb683.css]
[localhost/abramba/wp-content/plugins/elementor/assets/lib/font-awesome/css/regular.minb683.css]
[localhost/abramba/wp-content/plugins/elementor/assets/lib/font-awesome/css/solid.minb683.css]
[localhost/abramba/wp-content/plugins/elementor/assets/lib/font-awesome/css/brands.minb683.css]
[localhost/abramba/wp-content/plugins/elementor/assets/lib/font-awesome/js/v4-shims.min615f.js]
[localhost/abramba/wp-json/wp/v2/pages/92.json]
[localhost/abramba/wp-json/oembed/1.0/embed1ac3.json]
[localhost/abramba/wp-json/oembed/1.0/embed62d9]
[localhost/abramba/wp-content/uploads/essential-addons-elementor/164ef2d5f.min69ef.js]
[localhost/abramba/about/index.html]
[localhost/abramba/wp-json/wp/v2/pages/93.json]
[localhost/abramba/wp-json/oembed/1.0/embed940d.json]
[localhost/abramba/wp-json/oembed/1.0/embed1d32]
[localhost/abramba/wp-content/uploads/essential-addons-elementor/c80dd3384.mine93f.js]
[localhost/abramba/products/index.html]
[localhost/abramba/wp-content/plugins/elementor/assets/lib/font-awesome/js/v4-shims.min0b72.js]
[localhost/abramba/wp-json/wp/v2/pages/94.json]
[localhost/abramba/wp-json/oembed/1.0/embeda526.json]
[localhost/abramba/wp-json/oembed/1.0/embed8573]
[localhost/abramba/wp-content/uploads/essential-addons-elementor/c8773739b.minebb5.js]
[localhost/abramba/wp-content/plugins/wpforms-lite/assets/js/jquery.validate.minb3a6.js]
[localhost/abramba/wp-content/plugins/wpforms-lite/assets/js/mailcheck.mincfa9.js]
[localhost/abramba/wp-content/plugins/wpforms-lite/assets/js/wpforms9494.js]
[localhost/abramba/contact-us/index.html]
[localhost/abramba/wp-content/plugins/elementor/assets/lib/font-awesome/js/v4-shims.min225c.js]
[localhost/abramba/blog/index.html]
[localhost/abramba/wp-content/plugins/elementor/assets/lib/font-awesome/js/v4-shims.mind480.js]
[localhost/abramba/wp-json/wp/v2/pages/376.json]
[localhost/abramba/wp-json/oembed/1.0/embed013f.json]
[localhost/abramba/wp-json/oembed/1.0/embed4a06]
[localhost/abramba/wp-content/uploads/essential-addons-elementor/4a7759ff2.mind488.js]
[localhost/abramba/new-page/index.html]
[localhost/abramba/2020/08/04/solar-project-in-the-democratic-republic-of-the-congo-wins-phanes-groups-third-solar-incubator/feed/index.html]
[localhost/abramba/wp-json/wp/v2/posts/305.json]
[localhost/abramba/wp-json/oembed/1.0/embed219e.json]
[localhost/abramba/wp-json/oembed/1.0/embedd6eb]
[localhost/abramba/wp-content/uploads/2020/07/Thumbnail-TheBig5-300x300.png]
[localhost/abramba/wp-includes/js/comment-reply.min5156.js]
[localhost/abramba/2020/08/04/solar-project-in-the-democratic-republic-of-the-congo-wins-phanes-groups-third-solar-incubator/index.html]
[localhost/abramba/wp-content/plugins/elementor/assets/lib/font-awesome/js/v4-shims.mine9d7.js]
[localhost/abramba/2020/07/25/new-post/feed/index.html]
[localhost/abramba/wp-json/wp/v2/posts/207.json]
[localhost/abramba/wp-json/oembed/1.0/embedac23.json]
[localhost/abramba/wp-json/oembed/1.0/embed4273]
[localhost/abramba/wp-content/uploads/essential-addons-elementor/38c0c588f.min4a43.js]
[localhost/abramba/2020/07/25/new-post/index.html]
[localhost/abramba/wp-content/plugins/formidable/fonts/s11-fpbea6.svg]
[localhost/abramba/wp-content/plugins/ditty-news-ticker/inc/static/libs/fontastic/fonts/ditty-news-ticker.svg]
[localhost/abramba/wp-content/plugins/templately/assets/images/logo-icon.svg]
[localhost/abramba/wp-content/plugins/elementor/assets/lib/eicons/fonts/eiconsf884.svg]
[localhost/abramba/wp-content/plugins/elementor/assets/lib/font-awesome/webfonts/fa-brands-400.svg]
[localhost/abramba/wp-content/plugins/elementor/assets/lib/font-awesome/webfonts/fa-regular-400.svg]
[localhost/abramba/wp-content/plugins/elementor/assets/lib/font-awesome/webfonts/fa-solid-900.svg]
[localhost/abramba/wp-content/plugins/ht-mega-for-elementor/assets/css/img/gallery/bgDescription.html]
[localhost/abramba/wp-content/plugins/ht-mega-for-elementor/assets/css/img/gallery/gallery-e1.html]
[localhost/abramba/wp-content/plugins/ht-mega-for-elementor/assets/css/img/bg/bg-image-12.html]
[localhost/abramba/wp-content/plugins/ht-mega-for-elementor/assets/images/icons/line.svg]
[localhost/abramba/wp-content/plugins/ht-mega-for-elementor/assets/css/img/others/business-shape.html]
[localhost/abramba/wp-content/plugins/ht-mega-for-elementor/assets/css/img/bg/bg-image-40.html]
[localhost/abramba/wp-content/plugins/elementor/assets/lib/font-awesome/fonts/fontawesome-webfont3e6e.svg]
[localhost/abramba/wp-content/uploads/essential-addons-elementor/164ef2d5f.min6cf1.css]
[localhost/abramba/wp-content/plugins/elementor/assets/lib/font-awesome/css/all.min615f.css]
[localhost/abramba/wp-content/plugins/elementor/assets/lib/font-awesome/css/v4-shims.min615f.css]
[localhost/abramba/wp-content/uploads/elementor/css/post-929821.html]
[localhost/abramba/index8e15.html]
[localhost/abramba/index36d4.html]
[localhost/abramba/wp-content/plugins/elementor/assets/lib/font-awesome/js/v4-shims.mind00a.js]
[localhost/abramba/category/uncategorized/feed/index.html]
[localhost/abramba/wp-json/wp/v2/categories/1.json]
[localhost/abramba/category/uncategorized/index.html]
[localhost/abramba/wp-content/plugins/elementor/assets/lib/font-awesome/css/all.min0b72.css]
[localhost/abramba/wp-content/plugins/elementor/assets/lib/font-awesome/css/v4-shims.min0b72.css]
[localhost/abramba/wp-content/uploads/elementor/css/post-94749d.html]
[localhost/abramba/index65d2.html]
[localhost/abramba/wp-content/plugins/wpforms-lite/assets/css/wpforms-full9494.css]
[localhost/abramba/wp-content/plugins/elementor/assets/lib/font-awesome/css/all.min225c.css]
[localhost/abramba/wp-content/plugins/elementor/assets/lib/font-awesome/css/v4-shims.min225c.css]
[localhost/abramba/wp-content/plugins/elementor/assets/lib/font-awesome/js/v4-shims.min5da4.js]
[localhost/abramba/author/bksol/feed/index.html]
[localhost/abramba/wp-json/wp/v2/users/1.json]
[localhost/abramba/author/bksol/index.html]
[localhost/abramba/wp-content/plugins/elementor/assets/lib/font-awesome/css/all.mind480.css]
[localhost/abramba/wp-content/plugins/elementor/assets/lib/font-awesome/css/v4-shims.mind480.css]
[localhost/abramba/index264a.html]
[localhost/abramba/index4720.html]
[localhost/abramba/xmlrpc.php]
[localhost/abramba/wp-content/plugins/elementor/assets/lib/font-awesome/js/v4-shims.mind41a.js]
[localhost/abramba/2020/08/04/solar-project-in-the-democratic-republic-of-the-congo-wins-phanes-groups-third-solar-incubator/index3094.html]
[localhost/abramba/2020/08/04/solar-project-in-the-democratic-republic-of-the-congo-wins-phanes-groups-third-solar-incubator/index21b4.html]
[localhost/abramba/2020/08/index.html]
[localhost/abramba/wp-content/plugins/elementor/assets/lib/font-awesome/js/v4-shims.mindd1c.js]
[localhost/abramba/2020/07/index.html]
[localhost/abramba/wp-content/plugins/elementor/assets/lib/font-awesome/css/all.mine9d7.css]
[localhost/abramba/wp-content/plugins/elementor/assets/lib/font-awesome/css/v4-shims.mine9d7.css]
[localhost/abramba/wp-content/uploads/elementor/css/post-207ce5f.css]
[localhost/abramba/indexeb91.html]
[localhost/abramba/wp-content/plugins/elementor/assets/lib/font-awesome/css/all.mind00a.css]
[localhost/abramba/wp-content/plugins/elementor/assets/lib/font-awesome/css/v4-shims.mind00a.css]
[localhost/abramba/wp-content/plugins/wpforms-lite/assets/images/times-solid-white.svg]
[localhost/abramba/wp-content/plugins/elementor/assets/lib/font-awesome/css/all.min5da4.css]
[localhost/abramba/wp-content/plugins/elementor/assets/lib/font-awesome/css/v4-shims.min5da4.css]
[localhost/abramba/wp-content/plugins/elementor/assets/lib/font-awesome/css/all.mind41a.css]
[localhost/abramba/wp-content/plugins/elementor/assets/lib/font-awesome/css/v4-shims.mind41a.css]
[localhost/abramba/wp-content/plugins/elementor/assets/lib/font-awesome/css/all.mindd1c.css]
[localhost/abramba/wp-content/plugins/elementor/assets/lib/font-awesome/css/v4-shims.mindd1c.css]
