[backblue.gif]
[fade.gif]
[index.html]
[localhost/abramba2/feed/index.html]
[localhost/abramba2/wp-content/themes/astra/assets/fonts/astra.woff]
[localhost/abramba2/comments/feed/index.html]
[localhost/abramba2/wp-includes/js/jquery/jquery4a5f.js]
[localhost/abramba2/wp-json/index.html]
[localhost/abramba2/wp-json/wp/v2/pages/30.json]
[localhost/abramba2/xmlrpc0db0.php]
[localhost/abramba2/wp-includes/wlwmanifest.xml]
[localhost/abramba2/wp-json/oembed/1.0/embed6200.json]
[localhost/abramba2/wp-json/oembed/1.0/embed4f51]
[localhost/abramba2/wp-content/uploads/2020/08/cropped-icon-32x32.png]
[localhost/abramba2/wp-content/uploads/2020/08/cropped-icon-192x192.png]
[localhost/abramba2/wp-content/uploads/2020/08/cropped-icon-180x180.png]
[localhost/abramba2/wp-content/uploads/2020/08/cropped-Final-Abramba-Logo-180x61.png]
[localhost/abramba2/wp-content/uploads/2020/04/green-grass-field-and-mountain-1034887.jpg]
[localhost/abramba2/wp-content/uploads/2020/04/green-grass-field-and-mountain-1034887-768x508.jpg]
[localhost/abramba2/wp-content/uploads/2020/04/bird-s-eye-view-photography-of-green-forest-1208379.jpg]
[localhost/abramba2/wp-content/uploads/2020/04/bird-s-eye-view-photography-of-green-forest-1208379-768x512.jpg]
[localhost/abramba2/wp-content/uploads/2020/04/photo-of-people-standing-on-top-of-mountain-near-grasses-733162.jpg]
[localhost/abramba2/wp-content/uploads/2020/04/photo-of-people-standing-on-top-of-mountain-near-grasses-733162-768x512.jpg]
[localhost/abramba2/wp-content/uploads/2020/04/mountain-and-lake-at-sunset-135157.jpg]
[localhost/abramba2/wp-content/uploads/2020/04/mountain-and-lake-at-sunset-135157-768x512.jpg]
[localhost/abramba2/wp-content/uploads/2020/04/black-white.png]
[localhost/abramba2/wp-content/themes/astra/assets/js/minified/style.min21bb.js]
[localhost/abramba2/wp-content/plugins/simple-scroll-to-top-button/inc/js/frontend573c.js]
[localhost/abramba2/wp-includes/js/wp-embed.min5156.js]
[localhost/abramba2/wp-content/uploads/essential-addons-elementor/cb70d11b8.min6b3d.js]
[localhost/abramba2/wp-content/plugins/elementor/assets/js/frontend-modules.min7c53.js]
[localhost/abramba2/wp-includes/js/jquery/ui/position.mine899.js]
[localhost/abramba2/wp-content/plugins/elementor/assets/lib/dialog/dialog.minae9e.js]
[localhost/abramba2/wp-content/plugins/elementor/assets/lib/waypoints/waypoints.min05da.js]
[localhost/abramba2/wp-content/plugins/elementor/assets/lib/swiper/swiper.min48f5.js]
[localhost/abramba2/wp-content/plugins/elementor/assets/lib/share-link/share-link.min7c53.js]
[localhost/abramba2/wp-content/plugins/elementor/assets/js/frontend.min7c53.js]
[localhost/abramba2/wp-includes/js/underscore.min4511.js]
[localhost/abramba2/wp-includes/js/wp-util.min5156.js]
[localhost/abramba2/wp-content/plugins/wpforms-lite/assets/js/integrations/elementor/frontend.min9494.js]
[localhost/abramba2/index.html]
[localhost/abramba2/wp-content/themes/astra/assets/css/minified/style.min21bb.css]
[localhost/abramba2/wp-includes/css/dist/block-library/style.min5156.css]
[localhost/abramba2/wp-content/plugins/simple-scroll-to-top-button/inc/lib/font-awesome/fonts/fontawesome-webfont3e6e.eot]
[localhost/abramba2/wp-content/plugins/simple-scroll-to-top-button/inc/lib/font-awesome/fonts/fontawesome-webfontd41d.eot]
[localhost/abramba2/wp-content/plugins/simple-scroll-to-top-button/inc/lib/font-awesome/fonts/fontawesome-webfont3e6e.woff2]
[localhost/abramba2/wp-content/plugins/simple-scroll-to-top-button/inc/lib/font-awesome/fonts/fontawesome-webfont3e6e.woff]
[localhost/abramba2/wp-content/plugins/simple-scroll-to-top-button/inc/lib/font-awesome/fonts/fontawesome-webfont3e6e.ttf]
[localhost/abramba2/wp-content/plugins/simple-scroll-to-top-button/inc/lib/font-awesome/css/font-awesome573c.css]
[localhost/abramba2/wp-content/plugins/simple-scroll-to-top-button/inc/css/frontend573c.css]
[localhost/abramba2/wp-content/plugins/wpforms-lite/assets/css/wpforms-base.min9494.css]
[localhost/abramba2/wp-content/uploads/essential-addons-elementor/cb70d11b8.min5f70.css]
[localhost/abramba2/wp-content/plugins/header-footer-elementor/assets/css/header-footer-elementore225.css]
[localhost/abramba2/wp-content/plugins/elementor/assets/lib/eicons/fonts/eiconsf884.eot]
[localhost/abramba2/wp-content/plugins/elementor/assets/lib/eicons/fonts/eiconsf884.woff2]
[localhost/abramba2/wp-content/plugins/elementor/assets/lib/eicons/fonts/eiconsf884.woff]
[localhost/abramba2/wp-content/plugins/elementor/assets/lib/eicons/fonts/eiconsf884.ttf]
[localhost/abramba2/wp-content/plugins/elementor/assets/lib/eicons/css/elementor-icons.min87e8.css]
[localhost/abramba2/wp-content/plugins/elementor/assets/lib/animations/animations.min7c53.css]
[localhost/abramba2/wp-content/plugins/elementor/assets/css/frontend.min7c53.css]
[localhost/abramba2/wp-content/uploads/elementor/css/post-382a1e.css]
[localhost/abramba2/wp-content/uploads/2020/08/Untitled-1-1.jpg]
[localhost/abramba2/wp-content/uploads/elementor/css/post-301649.css]
[localhost/abramba2/wp-content/plugins/header-footer-elementor/inc/widgets-css/frontende225.css]
[localhost/abramba2/wp-content/uploads/elementor/css/post-18423a.css]
[localhost/abramba2/wp-content/plugins/elementor/assets/lib/font-awesome/css/fontawesome.minb683.css]
[localhost/abramba2/wp-content/plugins/elementor/assets/lib/font-awesome/webfonts/fa-regular-400.eot]
[localhost/abramba2/wp-content/plugins/elementor/assets/lib/font-awesome/webfonts/fa-regular-400d41d.eot]
[localhost/abramba2/wp-content/plugins/elementor/assets/lib/font-awesome/webfonts/fa-regular-400.woff2]
[localhost/abramba2/wp-content/plugins/elementor/assets/lib/font-awesome/webfonts/fa-regular-400.woff]
[localhost/abramba2/wp-content/plugins/elementor/assets/lib/font-awesome/webfonts/fa-regular-400.ttf]
[localhost/abramba2/wp-content/plugins/elementor/assets/lib/font-awesome/css/regular.minb683.css]
[localhost/abramba2/wp-content/plugins/elementor/assets/lib/font-awesome/webfonts/fa-solid-900.eot]
[localhost/abramba2/wp-content/plugins/elementor/assets/lib/font-awesome/webfonts/fa-solid-900.woff2]
[localhost/abramba2/wp-content/plugins/elementor/assets/lib/font-awesome/webfonts/fa-solid-900.woff]
[localhost/abramba2/wp-content/plugins/elementor/assets/lib/font-awesome/webfonts/fa-solid-900.ttf]
[localhost/abramba2/wp-content/plugins/elementor/assets/lib/font-awesome/webfonts/fa-solid-900d41d.eot]
[localhost/abramba2/wp-content/plugins/elementor/assets/lib/font-awesome/css/solid.minb683.css]
[localhost/abramba2/wp-content/plugins/elementor/assets/lib/font-awesome/webfonts/fa-brands-400.eot]
[localhost/abramba2/wp-content/plugins/elementor/assets/lib/font-awesome/webfonts/fa-brands-400.woff2]
[localhost/abramba2/wp-content/plugins/elementor/assets/lib/font-awesome/webfonts/fa-brands-400d41d.eot]
[localhost/abramba2/wp-content/plugins/elementor/assets/lib/font-awesome/webfonts/fa-brands-400.woff]
[localhost/abramba2/wp-content/plugins/elementor/assets/lib/font-awesome/webfonts/fa-brands-400.ttf]
[localhost/abramba2/wp-content/plugins/elementor/assets/lib/font-awesome/css/brands.minb683.css]
[localhost/abramba2/wp-json/wp/v2/pages/31.json]
[localhost/abramba2/wp-json/oembed/1.0/embed.570d23.delayed]
[localhost/abramba2/wp-json/oembed/1.0/embed85d2]
[localhost/abramba2/wp-content/uploads/essential-addons-elementor/182a0a8e1.min7efe.js]
[localhost/abramba2/about/index.html]
[localhost/abramba2/wp-json/wp/v2/pages/32.json]
[localhost/abramba2/wp-json/oembed/1.0/embeda5b6.json]
[localhost/abramba2/wp-json/oembed/1.0/embed926c]
[localhost/abramba2/wp-content/uploads/2020/04/photo-of-people-standing-on-top-of-mountain-near-grasses-733162-1024x682.jpg]
[localhost/abramba2/wp-content/uploads/essential-addons-elementor/a39f3cb29.min9cba.js]
[localhost/abramba2/services/index.html]
[localhost/abramba2/wp-json/wp/v2/pages/33.json]
[localhost/abramba2/wp-json/oembed/1.0/embedbe71.json]
[localhost/abramba2/wp-json/oembed/1.0/embed7c69]
[localhost/abramba2/wp-content/uploads/essential-addons-elementor/7c00a3401.min900a.js]
[localhost/abramba2/wp-content/plugins/wpforms-lite/assets/js/jquery.validate.minb3a6.js]
[localhost/abramba2/wp-content/plugins/wpforms-lite/assets/js/mailcheck.mincfa9.js]
[localhost/abramba2/wp-content/plugins/wpforms-lite/assets/js/wpforms9494.js]
[localhost/abramba2/contact/index.html]
[localhost/abramba2/wp-json/wp/v2/pages/317.json]
[localhost/abramba2/wp-json/oembed/1.0/embede2c3.json]
[localhost/abramba2/wp-json/oembed/1.0/embedecba]
[localhost/abramba2/wp-content/plugins/premium-addons-for-elementor/assets/frontend/min-js/isotope.minde8f.js]
[localhost/abramba2/wp-content/plugins/elementor/assets/lib/slick/slick.minc245.js]
[localhost/abramba2/wp-content/plugins/premium-addons-for-elementor/assets/frontend/min-js/premium-addons.minde8f.js]
[localhost/abramba2/wp-content/uploads/essential-addons-elementor/815c30f2c.minf946.js]
[localhost/abramba2/blog/index.html]
[localhost/abramba2/wp-content/plugins/simple-scroll-to-top-button/inc/lib/font-awesome/fonts/fontawesome-webfont3e6e.svg]
[localhost/abramba2/wp-content/plugins/wpforms-lite/assets/images/times-solid-white.svg]
[localhost/abramba2/wp-content/uploads/img/bg.html]
[localhost/abramba2/wp-content/plugins/elementor/assets/lib/eicons/fonts/eiconsf884.svg]
[localhost/abramba2/wp-content/plugins/elementor/assets/lib/font-awesome/webfonts/fa-regular-400.svg]
[localhost/abramba2/wp-content/plugins/elementor/assets/lib/font-awesome/webfonts/fa-solid-900.svg]
[localhost/abramba2/wp-content/plugins/elementor/assets/lib/font-awesome/webfonts/fa-brands-400.svg]
[localhost/abramba2/wp-content/uploads/essential-addons-elementor/182a0a8e1.mina8d9.css]
[localhost/abramba2/wp-content/uploads/elementor/css/post-3161b4.css]
[localhost/abramba2/indexc7e3.html]
[localhost/abramba2/wp-content/uploads/2020/08/Untitled-1.jpg]
[localhost/abramba2/wp-content/uploads/2020/08/Expertise.jpg]
[localhost/abramba2/wp-content/uploads/elementor/css/post-329023.css]
[localhost/abramba2/index6c46.html]
[localhost/abramba2/wp-content/uploads/2020/04/green-leafed-trees-during-fog-time-167684.html]
[localhost/abramba2/wp-content/uploads/2020/04/snowy-mountain-1287145.html]
[localhost/abramba2/wp-content/uploads/elementor/css/post-33055d.css]
[localhost/abramba2/indexdd23.html]
[localhost/abramba2/wp-content/uploads/elementor/css/post-3178712.css]
[localhost/abramba2/index4ef8.html]
[localhost/abramba2/2020/08/25/new-blog-post/feed/index.html]
[localhost/abramba2/wp-json/wp/v2/posts/332.json]
[localhost/abramba2/wp-json/oembed/1.0/embed601f.json]
[localhost/abramba2/wp-json/oembed/1.0/embed247b]
[localhost/abramba2/wp-content/uploads/2020/04/green-grass-field-and-mountain-1034887-1024x678.jpg]
[localhost/abramba2/wp-includes/js/comment-reply.min5156.js]
[localhost/abramba2/wp-content/uploads/essential-addons-elementor/62162a5eb.min61c3.js]
[localhost/abramba2/2020/08/25/new-blog-post/index.html]
[localhost/abramba2/wp-json/wp/v2/posts/323.json]
[localhost/abramba2/2020/08/25/international-evaluation-panel-selected-winning-project-for-commercial-and-technical-support-from-global-solar-company/feed/index.html]
[localhost/abramba2/wp-json/oembed/1.0/embed513f.json]
[localhost/abramba2/wp-json/oembed/1.0/embed77c2]
[localhost/abramba2/wp-content/uploads/2020/04/mountain-and-lake-at-sunset-135157-1024x682.jpg]
[localhost/abramba/wp-content/uploads/2020/07/Thumbnail-TheBig5-300x300.png]
[localhost/abramba2/wp-content/uploads/essential-addons-elementor/457441891.min61c3.js]
[localhost/abramba2/2020/08/25/international-evaluation-panel-selected-winning-project-for-commercial-and-technical-support-from-global-solar-company/index.html]
[localhost/abramba2/wp-content/uploads/2020/04/bird-s-eye-view-photography-of-green-forest-1208379-1024x682.jpg]
[localhost/abramba2/wp-content/uploads/essential-addons-elementor/5fc732311.min7eef.js]
[localhost/abramba2/2020/08/index.html]
[localhost/abramba2/wp-content/uploads/essential-addons-elementor/5fc732311.mind56a.js]
[localhost/abramba2/2020/08/20/index.html]
[localhost/abramba2/wp-content/uploads/essential-addons-elementor/5fc732311.min3243.js]
[localhost/abramba2/2020/08/25/index.html]
[localhost/abramba2/wp-content/plugins/elementor/assets/lib/font-awesome/fonts/fontawesome-webfont3e6e.eot]
[localhost/abramba2/wp-content/plugins/elementor/assets/lib/font-awesome/fonts/fontawesome-webfontd41d.eot]
[localhost/abramba2/wp-content/plugins/elementor/assets/lib/font-awesome/fonts/fontawesome-webfont3e6e.woff2]
[localhost/abramba2/wp-content/plugins/elementor/assets/lib/font-awesome/fonts/fontawesome-webfont3e6e.woff]
[localhost/abramba2/wp-content/plugins/elementor/assets/lib/font-awesome/fonts/fontawesome-webfont3e6e.ttf]
[localhost/abramba2/wp-content/plugins/elementor/assets/lib/font-awesome/css/font-awesome.min1849.css]
[localhost/abramba2/wp-content/plugins/premium-addons-for-elementor/assets/editor/fonts/pa-elements8adc.eot]
[localhost/abramba2/wp-content/plugins/premium-addons-for-elementor/assets/editor/fonts/pa-elements8adc.ttf]
[localhost/abramba2/wp-content/plugins/premium-addons-for-elementor/assets/editor/fonts/pa-elements8adc.woff]
[localhost/abramba2/wp-content/plugins/premium-addons-for-elementor/assets/frontend/min-css/premium-addons.minde8f.css]
[localhost/abramba2/wp-content/uploads/2020/04/landscape-mountains-sky-4843193.html]
[localhost/abramba2/index221f.html]
[localhost/abramba2/xmlrpc.php]
[localhost/abramba2/wp-json/wp/v2/categories/1.json]
[localhost/abramba2/wp-content/uploads/essential-addons-elementor/379c0f897.min0352.js]
[localhost/abramba2/category/uncategorized/index.html]
[localhost/abramba2/category/uncategorized/feed/index.html]
[localhost/abramba2/wp-json/wp/v2/users/1.json]
[localhost/abramba2/author/bksol/feed/index.html]
[localhost/abramba2/wp-content/uploads/essential-addons-elementor/40e4f8434.min760b.js]
[localhost/abramba2/author/bksol/index.html]
[localhost/abramba2/2020/08/20/hello-world/feed/index.html]
[localhost/abramba2/wp-json/wp/v2/posts/1.json]
[localhost/abramba2/wp-json/oembed/1.0/embedf61b.json]
[localhost/abramba2/wp-json/oembed/1.0/embedc5ee]
[localhost/abramba2/2020/08/20/hello-world/index.html]
[localhost/abramba2/wp-content/uploads/essential-addons-elementor/921d470f8.min2b2c.js]
[localhost/abramba2/index3cee.html]
[localhost/abramba2/wp-content/plugins/elementor/assets/lib/font-awesome/fonts/fontawesome-webfont3e6e.svg]
[localhost/abramba2/wp-content/plugins/premium-addons-for-elementor/assets/editor/fonts/pa-elements8adc.svg]
[localhost/abramba2/indexcff1.html]
[localhost/abramba2/wp-content/uploads/essential-addons-elementor/921d470f8.mind0cd.js]
[localhost/abramba2/2020/08/20/hello-world/index6809.html]
